// Jest Snapshot v1, https://goo.gl/fbAQLP

exports[`Render expenseListItem with fixtures data 1`] = `
<div>
  <Link
    to="/edit/1"
  >
    <h3>
      gum
    </h3>
  </Link>
  <p>
    Amount: 
    195
     - Created On:
    0
  </p>
</div>
`;
