// Jest Snapshot v1, https://goo.gl/fbAQLP

exports[`should render header correctly 1`] = `
<header
  className="header"
>
  <h1>
    Expensify
  </h1>
  <div>
    <NavLink
      activeClassName="is-active"
      exact={true}
      to="/dashboard"
    >
      Go Home
    </NavLink>
    <NavLink
      activeClassName="is-active"
      to="/create"
    >
      Create Expense
    </NavLink>
    <button
      onClick={[Function]}
    >
      Logout
    </button>
  </div>
</header>
`;
