// Jest Snapshot v1, https://goo.gl/fbAQLP

exports[`Should test snapshot of LoginPage 1`] = `
<div>
  <button>
    Login
  </button>
</div>
`;
